// Jest Snapshot v1, https://goo.gl/fbAQLP

exports[`Advisor home renders successfully 1`] = `
<div
  className="css-1nx3o09-AdvisorHome"
  id="advisor-home-page"
>
  <div
    className="navbar-parent css-12g91iz-Navbar"
    id="navbar"
  >
    <a
      href="/"
      onClick={[Function]}
    >
      <p
        className="osu-logo"
      >
        OSU CS Applied Plan Portal
      </p>
    </a>
    <div
      className="right-container"
    >
      <div
        className="notification-dropdown css-3i4jcj-Notifications"
      >
        <button
          className="drop-button-notification"
          data-count={0}
        >
          Notifications
          <span
            className="badge"
          />
          <i
            className="fa fa-caret-down"
          />
        </button>
        <div
          className="dropdown-content"
        >
          <a
            href="/"
            onClick={[Function]}
          >
            <p>
              No new notifications
            </p>
          </a>
        </div>
      </div>
      <button
        className="logout-button css-1k1xu2y-Logout"
        onClick={[Function]}
      >
        Log Out
      </button>
    </div>
  </div>
  <div
    id="advisor-home-container"
  >
    <div
      id="advisor-home-contents-container"
    >
      <div
        className="css-1ewmpfq-FindPlans"
        id="plan-search-container"
      >
        <h2>
          Search Plans
        </h2>
        <form
          id="search-form"
          onSubmit={[Function]}
        >
          <input
            id="input-search"
            type="text"
          />
          <button
            id="search-plan-button"
          >
            Search
          </button>
        </form>
        <div
          id="filter-container"
        >
          <select
            className="advisor-plan-filter"
            defaultValue="5"
            id="select-status"
          >
            <option
              value="5"
            >
              Any Status
            </option>
            <option
              value="2"
            >
              Awaiting Review
            </option>
            <option
              value="3"
            >
              Awaiting Final Review
            </option>
            <option
              value="1"
            >
              Awaiting Student Changes
            </option>
            <option
              value="4"
            >
              Accepted
            </option>
            <option
              value="0"
            >
              Rejected
            </option>
          </select>
        </div>
      </div>
      <div
        className="css-1mu153g-SearchResults"
      >
        <div
          className="prompt-container"
        >
          <h3>
            Search for plans...
          </h3>
        </div>
      </div>
    </div>
  </div>
</div>
`;
