// Jest Snapshot v1, https://goo.gl/fbAQLP

exports[`Navbar renders successfully 1`] = `
<div
  className="navbar-parent css-12g91iz-Navbar"
  id="navbar"
>
  <a
    href="/"
    onClick={[Function]}
  >
    <p
      className="osu-logo"
    >
      OSU CS Applied Plan Portal
    </p>
  </a>
  <div
    className="right-container"
  >
    <div
      className="notification-dropdown css-3i4jcj-Notifications"
    >
      <button
        className="drop-button-notification"
        data-count={0}
      >
        Notifications
        <span
          className="badge"
        />
        <i
          className="fa fa-caret-down"
        />
      </button>
      <div
        className="dropdown-content"
      >
        <a
          href="/"
          onClick={[Function]}
        >
          <p>
            No new notifications
          </p>
        </a>
      </div>
    </div>
    <button
      className="logout-button css-1k1xu2y-Logout"
      onClick={[Function]}
    >
      Log Out
    </button>
  </div>
</div>
`;
